// Jest Snapshot v1, https://goo.gl/fbAQLP

exports[`should render an expense item 1`] = `
<div>
  <div>
    <Link
      replace={false}
      to="/edit/2"
    >
      <h3>
        Rent
      </h3>
    </Link>
    <p>
      Amount: 
      10000
    </p>
    <p>
      Created At: 
      -345600000
    </p>
  </div>
</div>
`;
